// Jest Snapshot v1, https://goo.gl/fbAQLP

exports[`merges configurations 1`] = `
Object {
  "appID": "72157631007435048",
  "auth": Object {
    "apiKey": "FLICKR_API_KEY",
    "callback": "http://www.trailimage.com/auth/flickr",
    "secret": "FLICKR_SECRET",
    "token": Object {
      "access": "FLICKR_ACCESS_TOKEN",
      "request": null,
      "secret": "FLICKR_TOKEN_SECRET",
    },
  },
  "excludeSets": Array [
    "72157631638576162",
  ],
  "excludeTags": Array [
    "Idaho",
    "United States of America",
    "Abbott",
    "LensTagger",
    "Boise",
  ],
  "featureSets": Array [
    Object {
      "id": "72157632729508554",
      "title": "Ruminations",
    },
  ],
  "maxCacheSize": 200,
  "maxRetries": 3,
  "retryDelay": 500,
  "searchPhotoSizes": Array [
    Object {
      "0": "u",
      "1": "r",
      "2": "l",
      "3": "_",
      "4": "l",
    },
  ],
  "setPhotoSizes": Array [
    Object {
      "0": "u",
      "1": "r",
      "2": "l",
      "3": "_",
      "4": "l",
    },
  ],
  "useCache": false,
  "userID": "60950751@N04",
}
`;
